// Jest Snapshot v1, https://goo.gl/fbAQLP

exports[`components/PageWrapper should render a page wrapper 1`] = `
Array [
  <h1
    className="page-wrapper__title"
    key="My Title"
>
    My Title
</h1>,
  <span />,
]
`;
